// Jest Snapshot v1, https://goo.gl/fbAQLP

exports[`renders correctly 1`] = `
<div
  className="search-input"
>
  <input
    onChange={[Function]}
    placeholder="Search.."
    type="text"
    value=""
  />
</div>
`;
